src/services/memoryCompaction.service.ts(153,1): error TS1005: '}' expected.
